Archive member included to satisfy reference by file (symbol)

C:\Users\mikea\DOCUME~1\IOT-TE~3\code\292A1~1.BER\BEROEP~1\BEROEP~1\ARDUIN~1\Debug\libArduinoCore.a(HardwareSerial.o)
                              Sketch.o (_ZN14HardwareSerial9availableEv)
C:\Users\mikea\DOCUME~1\IOT-TE~3\code\292A1~1.BER\BEROEP~1\BEROEP~1\ARDUIN~1\Debug\libArduinoCore.a(HardwareSerial0.o)
                              Sketch.o (Serial)
C:\Users\mikea\DOCUME~1\IOT-TE~3\code\292A1~1.BER\BEROEP~1\BEROEP~1\ARDUIN~1\Debug\libArduinoCore.a(main.o)
                              C:/Program Files (x86)/Atmel/Studio/7.0/Packs/atmel/ATmega_DFP/1.7.374/gcc/dev/atmega328p/avr5/crtatmega328p.o (main)
C:\Users\mikea\DOCUME~1\IOT-TE~3\code\292A1~1.BER\BEROEP~1\BEROEP~1\ARDUIN~1\Debug\libArduinoCore.a(Print.o)
                              C:\Users\mikea\DOCUME~1\IOT-TE~3\code\292A1~1.BER\BEROEP~1\BEROEP~1\ARDUIN~1\Debug\libArduinoCore.a(HardwareSerial.o) (_ZN5Print5writeEPKhj)
C:\Users\mikea\DOCUME~1\IOT-TE~3\code\292A1~1.BER\BEROEP~1\BEROEP~1\ARDUIN~1\Debug\libArduinoCore.a(Stream.o)
                              Sketch.o (_ZN6Stream10setTimeoutEm)
C:\Users\mikea\DOCUME~1\IOT-TE~3\code\292A1~1.BER\BEROEP~1\BEROEP~1\ARDUIN~1\Debug\libArduinoCore.a(wiring.o)
                              Sketch.o (millis)
C:\Users\mikea\DOCUME~1\IOT-TE~3\code\292A1~1.BER\BEROEP~1\BEROEP~1\ARDUIN~1\Debug\libArduinoCore.a(wiring_analog.o)
                              Sketch.o (analogRead)
C:\Users\mikea\DOCUME~1\IOT-TE~3\code\292A1~1.BER\BEROEP~1\BEROEP~1\ARDUIN~1\Debug\libArduinoCore.a(wiring_digital.o)
                              Sketch.o (pinMode)
C:\Users\mikea\DOCUME~1\IOT-TE~3\code\292A1~1.BER\BEROEP~1\BEROEP~1\ARDUIN~1\Debug\libArduinoCore.a(WMath.o)
                              Sketch.o (_Z3maplllll)
C:\Users\mikea\DOCUME~1\IOT-TE~3\code\292A1~1.BER\BEROEP~1\BEROEP~1\ARDUIN~1\Debug\libArduinoCore.a(WString.o)
                              Sketch.o (_ZN6StringD1Ev)
C:\Users\mikea\DOCUME~1\IOT-TE~3\code\292A1~1.BER\BEROEP~1\BEROEP~1\ARDUIN~1\Debug\libArduinoCore.a(Servo.o)
                              Sketch.o (_ZN5ServoC1Ev)
C:\Users\mikea\DOCUME~1\IOT-TE~3\code\292A1~1.BER\BEROEP~1\BEROEP~1\ARDUIN~1\Debug\libArduinoCore.a(abi.o)
                              C:\Users\mikea\DOCUME~1\IOT-TE~3\code\292A1~1.BER\BEROEP~1\BEROEP~1\ARDUIN~1\Debug\libArduinoCore.a(Print.o) (__cxa_pure_virtual)
C:\Users\mikea\DOCUME~1\IOT-TE~3\code\292A1~1.BER\BEROEP~1\BEROEP~1\ARDUIN~1\Debug\libArduinoCore.a(hooks.o)
                              C:\Users\mikea\DOCUME~1\IOT-TE~3\code\292A1~1.BER\BEROEP~1\BEROEP~1\ARDUIN~1\Debug\libArduinoCore.a(wiring.o) (yield)
c:/program files (x86)/atmel/studio/7.0/toolchain/avr8/avr8-gnu-toolchain/bin/../lib/gcc/avr/5.4.0/../../../../avr/lib/avr5\libm.a(addsf3.o)
                              C:\Users\mikea\DOCUME~1\IOT-TE~3\code\292A1~1.BER\BEROEP~1\BEROEP~1\ARDUIN~1\Debug\libArduinoCore.a(Print.o) (__subsf3)
c:/program files (x86)/atmel/studio/7.0/toolchain/avr8/avr8-gnu-toolchain/bin/../lib/gcc/avr/5.4.0/../../../../avr/lib/avr5\libm.a(addsf3x.o)
                              c:/program files (x86)/atmel/studio/7.0/toolchain/avr8/avr8-gnu-toolchain/bin/../lib/gcc/avr/5.4.0/../../../../avr/lib/avr5\libm.a(addsf3.o) (__addsf3x)
c:/program files (x86)/atmel/studio/7.0/toolchain/avr8/avr8-gnu-toolchain/bin/../lib/gcc/avr/5.4.0/../../../../avr/lib/avr5\libm.a(cmpsf2.o)
                              C:\Users\mikea\DOCUME~1\IOT-TE~3\code\292A1~1.BER\BEROEP~1\BEROEP~1\ARDUIN~1\Debug\libArduinoCore.a(Print.o) (__ltsf2)
c:/program files (x86)/atmel/studio/7.0/toolchain/avr8/avr8-gnu-toolchain/bin/../lib/gcc/avr/5.4.0/../../../../avr/lib/avr5\libm.a(divsf3.o)
                              C:\Users\mikea\DOCUME~1\IOT-TE~3\code\292A1~1.BER\BEROEP~1\BEROEP~1\ARDUIN~1\Debug\libArduinoCore.a(Print.o) (__divsf3)
c:/program files (x86)/atmel/studio/7.0/toolchain/avr8/avr8-gnu-toolchain/bin/../lib/gcc/avr/5.4.0/../../../../avr/lib/avr5\libm.a(divsf3x.o)
                              c:/program files (x86)/atmel/studio/7.0/toolchain/avr8/avr8-gnu-toolchain/bin/../lib/gcc/avr/5.4.0/../../../../avr/lib/avr5\libm.a(divsf3.o) (__divsf3x)
c:/program files (x86)/atmel/studio/7.0/toolchain/avr8/avr8-gnu-toolchain/bin/../lib/gcc/avr/5.4.0/../../../../avr/lib/avr5\libm.a(fixunssfsi.o)
                              C:\Users\mikea\DOCUME~1\IOT-TE~3\code\292A1~1.BER\BEROEP~1\BEROEP~1\ARDUIN~1\Debug\libArduinoCore.a(Print.o) (__fixunssfsi)
c:/program files (x86)/atmel/studio/7.0/toolchain/avr8/avr8-gnu-toolchain/bin/../lib/gcc/avr/5.4.0/../../../../avr/lib/avr5\libm.a(floatsisf.o)
                              C:\Users\mikea\DOCUME~1\IOT-TE~3\code\292A1~1.BER\BEROEP~1\BEROEP~1\ARDUIN~1\Debug\libArduinoCore.a(Print.o) (__floatunsisf)
c:/program files (x86)/atmel/studio/7.0/toolchain/avr8/avr8-gnu-toolchain/bin/../lib/gcc/avr/5.4.0/../../../../avr/lib/avr5\libm.a(fp_cmp.o)
[...]
Memory Configuration

Name             Origin             Length             Attributes
text             0x00000000         0x00008000         xr
data             0x00800100         0x00000800         rw !x
eeprom           0x00810000         0x00000400         rw !x
fuse             0x00820000         0x00000003         rw !x
lock             0x00830000         0x00000400         rw !x
signature        0x00840000         0x00000400         rw !x
user_signatures  0x00850000         0x00000400         rw !x
*default*        0x00000000         0xffffffff

Linker script and memory map

Address of section .data set to 0x800100
LOAD C:/Program Files (x86)/Atmel/Studio/7.0/Packs/atmel/ATmega_DFP/1.7.374/gcc/dev/atmega328p/avr5/crtatmega328p.o
LOAD Sketch.o
START GROUP
LOAD c:/program files (x86)/atmel/studio/7.0/toolchain/avr8/avr8-gnu-toolchain/bin/../lib/gcc/avr/5.4.0/../../../../avr/lib/avr5\libm.a
LOAD C:\Users\mikea\DOCUME~1\IOT-TE~3\code\292A1~1.BER\BEROEP~1\BEROEP~1\ARDUIN~1\Debug\libArduinoCore.a
END GROUP
LOAD c:/program files (x86)/atmel/studio/7.0/toolchain/avr8/avr8-gnu-toolchain/bin/../lib/gcc/avr/5.4.0/avr5\libgcc.a
LOAD c:/program files (x86)/atmel/studio/7.0/toolchain/avr8/avr8-gnu-toolchain/bin/../lib/gcc/avr/5.4.0/../../../../avr/lib/avr5\libm.a
START GROUP
LOAD c:/program files (x86)/atmel/studio/7.0/toolchain/avr8/avr8-gnu-toolchain/bin/../lib/gcc/avr/5.4.0/avr5\libgcc.a
LOAD c:/program files (x86)/atmel/studio/7.0/toolchain/avr8/avr8-gnu-toolchain/bin/../lib/gcc/avr/5.4.0/../../../../avr/lib/avr5\libm.a
LOAD c:/program files (x86)/atmel/studio/7.0/toolchain/avr8/avr8-gnu-toolchain/bin/../lib/gcc/avr/5.4.0/../../../../avr/lib/avr5\libc.a
LOAD C:/Program Files (x86)/Atmel/Studio/7.0/Packs/atmel/ATmega_DFP/1.7.374/gcc/dev/atmega328p/avr5\libatmega328p.a
END GROUP
                0x00000000                __TEXT_REGION_ORIGIN__ = DEFINED (__TEXT_REGION_ORIGIN__)?__TEXT_REGION_ORIGIN__:0x0
                [0x00800100]                __DATA_REGION_ORIGIN__ = DEFINED (__DATA_REGION_ORIGIN__)?__DATA_REGION_ORIGIN__:0x800060
                [0x00008000]                __TEXT_REGION_LENGTH__ = DEFINED (__TEXT_REGION_LENGTH__)?__TEXT_REGION_LENGTH__:0x20000
                [0x00000800]                __DATA_REGION_LENGTH__ = DEFINED (__DATA_REGION_LENGTH__)?__DATA_REGION_LENGTH__:0xffa0
                [0x00000400]                __EEPROM_REGION_LENGTH__ = DEFINED (__EEPROM_REGION_LENGTH__)?__EEPROM_REGION_LENGTH__:0x10000
                [0x00000003]                __FUSE_REGION_LENGTH__ = DEFINED (__FUSE_REGION_LENGTH__)?__FUSE_REGION_LENGTH__:0x400
                0x00000400                __LOCK_REGION_LENGTH__ = DEFINED (__LOCK_REGION_LENGTH__)?__LOCK_REGION_LENGTH__:0x400
                0x00000400                __SIGNATURE_REGION_LENGTH__ = DEFINED (__SIGNATURE_REGION_LENGTH__)?__SIGNATURE_REGION_LENGTH__:0x400
                0x00000400                __USER_SIGNATURE_REGION_LENGTH__ = DEFINED (__USER_SIGNATURE_REGION_LENGTH__)?__USER_SIGNATURE_REGION_LENGTH__:0x400

.hash
 *(.hash)

.dynsym
 *(.dynsym)

.dynstr
 *(.dynstr)

.gnu.version
 *(.gnu.version)

.gnu.version_d
 *(.gnu.version_d)

.gnu.version_r
 *(.gnu.version_r)

.rel.init
 *(.rel.init)

.rela.init
 *(.rela.init)

.rel.text
 *(.rel.text)
 *(.rel.text.*)
 *(.rel.gnu.linkonce.t*)

.rela.text
 *(.rela.text)
 *(.rela.text.*)
 *(.rela.gnu.linkonce.t*)

.rel.fini
 *(.rel.fini)

.rela.fini
 *(.rela.fini)

.rel.rodata
 *(.rel.rodata)
 *(.rel.rodata.*)
 *(.rel.gnu.linkonce.r*)

.rela.rodata
 *(.rela.rodata)
 *(.rela.rodata.*)
 *(.rela.gnu.linkonce.r*)

.rel.data
 *(.rel.data)
 *(.rel.data.*)
 *(.rel.gnu.linkonce.d*)

.rela.data
 *(.rela.data)
 *(.rela.data.*)
 *(.rela.gnu.linkonce.d*)

.rel.ctors
 *(.rel.ctors)

.rela.ctors
 *(.rela.ctors)

.rel.dtors
 *(.rel.dtors)

.rela.dtors
 *(.rela.dtors)

.rel.got
 *(.rel.got)

.rela.got
 *(.rela.got)

.rel.bss
 *(.rel.bss)

.rela.bss
 *(.rela.bss)

.rel.plt
 *(.rel.plt)

.rela.plt
 *(.rela.plt)

.text           0x00000000     0x1c46
 *(.vectors)
 .vectors       0x00000000       0x68 C:/Program Files (x86)/Atmel/Studio/7.0/Packs/atmel/ATmega_DFP/1.7.374/gcc/dev/atmega328p/avr5/crtatmega328p.o
                0x00000000                __vector_default
                0x00000000                __vectors
 *(.vectors)
 *(.progmem.gcc*)
 .progmem.gcc_sw_table.loop
                0x00000068       0x28 Sketch.o
                0x00000090                . = ALIGN (0x2)
                0x00000090                __trampolines_start = .
 *(.trampolines)
 .trampolines   0x00000090        0x0 linker stubs
 *(.trampolines*)
                0x00000090                __trampolines_end = .
 *libprintf_flt.a:*(.progmem.data)
 *libc.a:*(.progmem.data)
 *(.progmem*)
 .progmem.data.digital_pin_to_timer_PGM
                0x00000090       0x14 C:\Users\mikea\DOCUME~1\IOT-TE~3\code\292A1~1.BER\BEROEP~1\BEROEP~1\ARDUIN~1\Debug\libArduinoCore.a(wiring_digital.o)
                0x00000090                digital_pin_to_timer_PGM
 .progmem.data.digital_pin_to_bit_mask_PGM
                0x000000a4       0x14 C:\Users\mikea\DOCUME~1\IOT-TE~3\code\292A1~1.BER\BEROEP~1\BEROEP~1\ARDUIN~1\Debug\libArduinoCore.a(wiring_digital.o)
                0x000000a4                digital_pin_to_bit_mask_PGM
 .progmem.data.digital_pin_to_port_PGM
                0x000000b8       0x14 C:\Users\mikea\DOCUME~1\IOT-TE~3\code\292A1~1.BER\BEROEP~1\BEROEP~1\ARDUIN~1\Debug\libArduinoCore.a(wiring_digital.o)
                0x000000b8                digital_pin_to_port_PGM
 .progmem.data.port_to_output_PGM
                0x000000cc        0xa C:\Users\mikea\DOCUME~1\IOT-TE~3\code\292A1~1.BER\BEROEP~1\BEROEP~1\ARDUIN~1\Debug\libArduinoCore.a(wiring_digital.o)
                0x000000cc                port_to_output_PGM
 .progmem.data.port_to_mode_PGM
                0x000000d6        0xa C:\Users\mikea\DOCUME~1\IOT-TE~3\code\292A1~1.BER\BEROEP~1\BEROEP~1\ARDUIN~1\Debug\libArduinoCore.a(wiring_digital.o)
                0x000000d6                port_to_mode_PGM
                0x000000e0                . = ALIGN (0x2)
 *(.jumptables)
 *(.jumptables*)
 *(.lowtext)
 *(.lowtext*)
                0x000000e0                __ctors_start = .
 *(.ctors)
 .ctors         0x000000e0        0x2 Sketch.o
 .ctors         0x000000e2        0x2 C:\Users\mikea\DOCUME~1\IOT-TE~3\code\292A1~1.BER\BEROEP~1\BEROEP~1\ARDUIN~1\Debug\libArduinoCore.a(HardwareSerial0.o)
                0x000000e4                __ctors_end = .
                0x000000e4                __dtors_start = .
 *(.dtors)
                0x000000e4                __dtors_end = .
 SORT(*)(.ctors)
 SORT(*)(.dtors)
 *(.init0)
 .init0         0x000000e4        0x0 C:/Program Files (x86)/Atmel/Studio/7.0/Packs/atmel/ATmega_DFP/1.7.374/gcc/dev/atmega328p/avr5/crtatmega328p.o
                0x000000e4                __init
 *(.init0)
 *(.init1)
 *(.init1)
 *(.init2)
 .init2         0x000000e4        0xc C:/Program Files (x86)/Atmel/Studio/7.0/Packs/atmel/ATmega_DFP/1.7.374/gcc/dev/atmega328p/avr5/crtatmega328p.o
 *(.init2)
 *(.init3)
 *(.init3)
 *(.init4)
 .init4         0x000000f0       0x16 c:/program files (x86)/atmel/studio/7.0/toolchain/avr8/avr8-gnu-toolchain/bin/../lib/gcc/avr/5.4.0/avr5\libgcc.a(_copy_data.o)
                0x000000f0                __do_copy_data
 .init4         0x00000106       0x10 c:/program files (x86)/atmel/studio/7.0/toolchain/avr8/avr8-gnu-toolchain/bin/../lib/gcc/avr/5.4.0/avr5\libgcc.a(_clear_bss.o)
                0x00000106                __do_clear_bss
 *(.init4)
 *(.init5)
 *(.init5)
 *(.init6)
 .init6         0x00000116       0x16 c:/program files (x86)/atmel/studio/7.0/toolchain/avr8/avr8-gnu-toolchain/bin/../lib/gcc/avr/5.4.0/avr5\libgcc.a(_ctors.o)
                0x00000116                __do_global_ctors
 *(.init6)
 *(.init7)
 *(.init7)
 *(.init8)
 *(.init8)
 *(.init9)
 .init9         0x0000012c        0x8 C:/Program Files (x86)/Atmel/Studio/7.0/Packs/atmel/ATmega_DFP/1.7.374/gcc/dev/atmega328p/avr5/crtatmega328p.o
 *(.init9)
 *(.text)
 .text          0x00000134        0x4 C:/Program Files (x86)/Atmel/Studio/7.0/Packs/atmel/ATmega_DFP/1.7.374/gcc/dev/atmega328p/avr5/crtatmega328p.o
                0x00000134                __vector_22
                0x00000134                __vector_1
                0x00000134                __vector_24
                0x00000134                __vector_12
                0x00000134                __bad_interrupt
                0x00000134                __vector_6
                0x00000134                __vector_3
                0x00000134                __vector_23
                0x00000134                __vector_25
                0x00000134                __vector_13
                0x00000134                __vector_17
                0x00000134                __vector_7
                0x00000134                __vector_5
                0x00000134                __vector_4
                0x00000134                __vector_9
                0x00000134                __vector_2
                0x00000134                __vector_21
                0x00000134                __vector_15
                0x00000134                __vector_8
                0x00000134                __vector_14
                0x00000134                __vector_10
                0x00000134                __vector_20
                0x00000138                . = ALIGN (0x2)
 *(.text.*)
 .text._Z21setupLightDefinitionsv
                0x00000138       0x90 Sketch.o
                0x00000138                _Z21setupLightDefinitionsv
 .text._Z14setupLightPinsv
                0x000001c8       0xc4 Sketch.o
                0x000001c8                _Z14setupLightPinsv
 .text.setup    0x0000028c       0x4c Sketch.o
                0x0000028c                setup
 .text._Z12allLightsOffv
                0x000002d8       0x68 Sketch.o
                0x000002d8                _Z12allLightsOffv
 .text._Z16toggleLightsTestv
                0x00000340       0x3a Sketch.o
                0x00000340                _Z16toggleLightsTestv
 .text._Z15toggleGatesTestv
                0x0000037a       0x44 Sketch.o
                0x0000037a                _Z15toggleGatesTestv
 .text._Z10testLightsv
                0x000003be       0xec Sketch.o
                0x000003be                _Z10testLightsv
 .text._Z9setSignalhh
                0x000004aa      0x13c Sketch.o
                0x000004aa                _Z9setSignalhh
 .text._Z11blinkLightsv
                0x000005e6      0x148 Sketch.o
                0x000005e6                _Z11blinkLightsv
 .text._Z9moveGatesv
                0x0000072e      0x180 Sketch.o
                0x0000072e                _Z9moveGatesv
 .text.loop     0x000008ae      0x18a Sketch.o
                0x000008ae                loop
 .text._Z41__static_initialization_and_destruction_0ii
                0x00000a38       0x68 Sketch.o
 .text._GLOBAL__sub_I_LIGHTS
                0x00000aa0       0x1a Sketch.o
 .text._ZN14HardwareSerial9availableEv
                0x00000aba       0x18 C:\Users\mikea\DOCUME~1\IOT-TE~3\code\292A1~1.BER\BEROEP~1\BEROEP~1\ARDUIN~1\Debug\libArduinoCore.a(HardwareSerial.o)
                0x00000aba                _ZN14HardwareSerial9availableEv
 .text._ZN14HardwareSerial4peekEv
                0x00000ad2       0x1c C:\Users\mikea\DOCUME~1\IOT-TE~3\code\292A1~1.BER\BEROEP~1\BEROEP~1\ARDUIN~1\Debug\libArduinoCore.a(HardwareSerial.o)
                0x00000ad2                _ZN14HardwareSerial4peekEv
 .text._ZN14HardwareSerial4readEv
                0x00000aee       0x28 C:\Users\mikea\DOCUME~1\IOT-TE~3\code\292A1~1.BER\BEROEP~1\BEROEP~1\ARDUIN~1\Debug\libArduinoCore.a(HardwareSerial.o)
                0x00000aee                _ZN14HardwareSerial4readEv
 .text._ZN14HardwareSerial17availableForWriteEv
                0x00000b16       0x1e C:\Users\mikea\DOCUME~1\IOT-TE~3\code\292A1~1.BER\BEROEP~1\BEROEP~1\ARDUIN~1\Debug\libArduinoCore.a(HardwareSerial.o)
                0x00000b16                _ZN14HardwareSerial17availableForWriteEv
 .text._Z14serialEventRunv
                0x00000b34       0x1c C:\Users\mikea\DOCUME~1\IOT-TE~3\code\292A1~1.BER\BEROEP~1\BEROEP~1\ARDUIN~1\Debug\libArduinoCore.a(HardwareSerial.o)
                0x00000b34                _Z14serialEventRunv
 .text._ZN14HardwareSerial17_tx_udr_empty_irqEv
                0x00000b50       0x44 C:\Users\mikea\DOCUME~1\IOT-TE~3\code\292A1~1.BER\BEROEP~1\BEROEP~1\ARDUIN~1\Debug\libArduinoCore.a(HardwareSerial.o)
                0x00000b50                _ZN14HardwareSerial17_tx_udr_empty_irqEv
 .text._ZN14HardwareSerial5writeEh
                0x00000b94       0x9a C:\Users\mikea\DOCUME~1\IOT-TE~3\code\292A1~1.BER\BEROEP~1\BEROEP~1\ARDUIN~1\Debug\libArduinoCore.a(HardwareSerial.o)
                0x00000b94                _ZN14HardwareSerial5writeEh
 .text._ZN14HardwareSerial5flushEv
                0x00000c2e       0x44 C:\Users\mikea\DOCUME~1\IOT-TE~3\code\292A1~1.BER\BEROEP~1\BEROEP~1\ARDUIN~1\Debug\libArduinoCore.a(HardwareSerial.o)
                0x00000c2e                _ZN14HardwareSerial5flushEv
 .text._ZN14HardwareSerial5beginEmh
                0x00000c72       0xca C:\Users\mikea\DOCUME~1\IOT-TE~3\code\292A1~1.BER\BEROEP~1\BEROEP~1\ARDUIN~1\Debug\libArduinoCore.a(HardwareSerial.o)
                0x00000c72                _ZN14HardwareSerial5beginEmh
 .text.__vector_18
                0x00000d3c       0x64 C:\Users\mikea\DOCUME~1\IOT-TE~3\code\292A1~1.BER\BEROEP~1\BEROEP~1\ARDUIN~1\Debug\libArduinoCore.a(HardwareSerial0.o)
                0x00000d3c                __vector_18
 .text.__vector_19
                0x00000da0       0x4c C:\Users\mikea\DOCUME~1\IOT-TE~3\code\292A1~1.BER\BEROEP~1\BEROEP~1\ARDUIN~1\Debug\libArduinoCore.a(HardwareSerial0.o)
                0x00000da0                __vector_19
 .text._Z17Serial0_availablev
                0x00000dec       0x14 C:\Users\mikea\DOCUME~1\IOT-TE~3\code\292A1~1.BER\BEROEP~1\BEROEP~1\ARDUIN~1\Debug\libArduinoCore.a(HardwareSerial0.o)
                0x00000dec                _Z17Serial0_availablev
 .text.startup._GLOBAL__sub_I___vector_18
                0x00000e00       0x5a C:\Users\mikea\DOCUME~1\IOT-TE~3\code\292A1~1.BER\BEROEP~1\BEROEP~1\ARDUIN~1\Debug\libArduinoCore.a(HardwareSerial0.o)
 .text.initVariant
                0x00000e5a        0x2 C:\Users\mikea\DOCUME~1\IOT-TE~3\code\292A1~1.BER\BEROEP~1\BEROEP~1\ARDUIN~1\Debug\libArduinoCore.a(main.o)
                0x00000e5a                initVariant
 .text.startup.main
                0x00000e5c       0x1e C:\Users\mikea\DOCUME~1\IOT-TE~3\code\292A1~1.BER\BEROEP~1\BEROEP~1\ARDUIN~1\Debug\libArduinoCore.a(main.o)
                0x00000e5c                main
 .text._ZN5Print5writeEPKhj
                0x00000e7a       0x54 C:\Users\mikea\DOCUME~1\IOT-TE~3\code\292A1~1.BER\BEROEP~1\BEROEP~1\ARDUIN~1\Debug\libArduinoCore.a(Print.o)
                0x00000e7a                _ZN5Print5writeEPKhj
 .text._ZN6Stream9timedReadEv
                0x00000ece       0x60 C:\Users\mikea\DOCUME~1\IOT-TE~3\code\292A1~1.BER\BEROEP~1\BEROEP~1\ARDUIN~1\Debug\libArduinoCore.a(Stream.o)
                0x00000ece                _ZN6Stream9timedReadEv
 .text._ZN6Stream10setTimeoutEm
                0x00000f2e        0xc C:\Users\mikea\DOCUME~1\IOT-TE~3\code\292A1~1.BER\BEROEP~1\BEROEP~1\ARDUIN~1\Debug\libArduinoCore.a(Stream.o)
                0x00000f2e                _ZN6Stream10setTimeoutEm
 .text._ZN6Stream10readStringEv
                0x00000f3a       0x34 C:\Users\mikea\DOCUME~1\IOT-TE~3\code\292A1~1.BER\BEROEP~1\BEROEP~1\ARDUIN~1\Debug\libArduinoCore.a(Stream.o)
                0x00000f3a                _ZN6Stream10readStringEv
 .text.__vector_16
                0x00000f6e       0x94 C:\Users\mikea\DOCUME~1\IOT-TE~3\code\292A1~1.BER\BEROEP~1\BEROEP~1\ARDUIN~1\Debug\libArduinoCore.a(wiring.o)
                0x00000f6e                __vector_16
 .text.millis   0x00001002       0x18 C:\Users\mikea\DOCUME~1\IOT-TE~3\code\292A1~1.BER\BEROEP~1\BEROEP~1\ARDUIN~1\Debug\libArduinoCore.a(wiring.o)
                0x00001002                millis
 .text.init     0x0000101a       0x76 C:\Users\mikea\DOCUME~1\IOT-TE~3\code\292A1~1.BER\BEROEP~1\BEROEP~1\ARDUIN~1\Debug\libArduinoCore.a(wiring.o)
                0x0000101a                init
 .text.analogRead
                0x00001090       0x3a C:\Users\mikea\DOCUME~1\IOT-TE~3\code\292A1~1.BER\BEROEP~1\BEROEP~1\ARDUIN~1\Debug\libArduinoCore.a(wiring_analog.o)
                0x00001090                analogRead
 .text.turnOffPWM
                0x000010ca       0x52 C:\Users\mikea\DOCUME~1\IOT-TE~3\code\292A1~1.BER\BEROEP~1\BEROEP~1\ARDUIN~1\Debug\libArduinoCore.a(wiring_digital.o)
 .text.pinMode  0x0000111c       0x78 C:\Users\mikea\DOCUME~1\IOT-TE~3\code\292A1~1.BER\BEROEP~1\BEROEP~1\ARDUIN~1\Debug\libArduinoCore.a(wiring_digital.o)
                0x0000111c                pinMode
 .text.digitalWrite
                0x00001194       0x5e C:\Users\mikea\DOCUME~1\IOT-TE~3\code\292A1~1.BER\BEROEP~1\BEROEP~1\ARDUIN~1\Debug\libArduinoCore.a(wiring_digital.o)
                0x00001194                digitalWrite
 .text._Z3maplllll
                0x000011f2       0x82 C:\Users\mikea\DOCUME~1\IOT-TE~3\code\292A1~1.BER\BEROEP~1\BEROEP~1\ARDUIN~1\Debug\libArduinoCore.a(WMath.o)
                0x000011f2                _Z3maplllll
 .text._ZN6StringD2Ev
                0x00001274       0x10 C:\Users\mikea\DOCUME~1\IOT-TE~3\code\292A1~1.BER\BEROEP~1\BEROEP~1\ARDUIN~1\Debug\libArduinoCore.a(WString.o)
                0x00001274                _ZN6StringD2Ev
                0x00001274                _ZN6StringD1Ev
 .text._ZN6String10invalidateEv
                0x00001284       0x24 C:\Users\mikea\DOCUME~1\IOT-TE~3\code\292A1~1.BER\BEROEP~1\BEROEP~1\ARDUIN~1\Debug\libArduinoCore.a(WString.o)
                0x00001284                _ZN6String10invalidateEv
 .text._ZN6String12changeBufferEj
                0x000012a8       0x34 C:\Users\mikea\DOCUME~1\IOT-TE~3\code\292A1~1.BER\BEROEP~1\BEROEP~1\ARDUIN~1\Debug\libArduinoCore.a(WString.o)
                0x000012a8                _ZN6String12changeBufferEj
 .text._ZN6String7reserveEj
                0x000012dc       0x38 C:\Users\mikea\DOCUME~1\IOT-TE~3\code\292A1~1.BER\BEROEP~1\BEROEP~1\ARDUIN~1\Debug\libArduinoCore.a(WString.o)
                0x000012dc                _ZN6String7reserveEj
 .text._ZN6String4copyEPKcj
                0x00001314       0x42 C:\Users\mikea\DOCUME~1\IOT-TE~3\code\292A1~1.BER\BEROEP~1\BEROEP~1\ARDUIN~1\Debug\libArduinoCore.a(WString.o)
                0x00001314                _ZN6String4copyEPKcj
 .text._ZN6StringC2EPKc
                0x00001356       0x2a C:\Users\mikea\DOCUME~1\IOT-TE~3\code\292A1~1.BER\BEROEP~1\BEROEP~1\ARDUIN~1\Debug\libArduinoCore.a(WString.o)
                0x00001356                _ZN6StringC2EPKc
                0x00001356                _ZN6StringC1EPKc
 .text._ZN6String6concatEPKcj
                0x00001380       0x5c C:\Users\mikea\DOCUME~1\IOT-TE~3\code\292A1~1.BER\BEROEP~1\BEROEP~1\ARDUIN~1\Debug\libArduinoCore.a(WString.o)
                0x00001380                _ZN6String6concatEPKcj
 .text._ZN6String6concatEc
                0x000013dc       0x26 C:\Users\mikea\DOCUME~1\IOT-TE~3\code\292A1~1.BER\BEROEP~1\BEROEP~1\ARDUIN~1\Debug\libArduinoCore.a(WString.o)
                0x000013dc                _ZN6String6concatEc
 .text._ZN6StringixEj
                0x00001402       0x24 C:\Users\mikea\DOCUME~1\IOT-TE~3\code\292A1~1.BER\BEROEP~1\BEROEP~1\ARDUIN~1\Debug\libArduinoCore.a(WString.o)
                0x00001402                _ZN6StringixEj
 .text.__vector_11
                0x00001426      0x182 C:\Users\mikea\DOCUME~1\IOT-TE~3\code\292A1~1.BER\BEROEP~1\BEROEP~1\ARDUIN~1\Debug\libArduinoCore.a(Servo.o)
                0x00001426                __vector_11
 .text._ZN5ServoC2Ev
                0x000015a8       0x38 C:\Users\mikea\DOCUME~1\IOT-TE~3\code\292A1~1.BER\BEROEP~1\BEROEP~1\ARDUIN~1\Debug\libArduinoCore.a(Servo.o)
                0x000015a8                _ZN5ServoC1Ev
                0x000015a8                _ZN5ServoC2Ev
 .text._ZN5Servo17writeMicrosecondsEi
                0x000015e0       0x6c C:\Users\mikea\DOCUME~1\IOT-TE~3\code\292A1~1.BER\BEROEP~1\BEROEP~1\ARDUIN~1\Debug\libArduinoCore.a(Servo.o)
                0x000015e0                _ZN5Servo17writeMicrosecondsEi
 .text._ZN5Servo5writeEi
                0x0000164c       0xb8 C:\Users\mikea\DOCUME~1\IOT-TE~3\code\292A1~1.BER\BEROEP~1\BEROEP~1\ARDUIN~1\Debug\libArduinoCore.a(Servo.o)
                0x0000164c                _ZN5Servo5writeEi
 .text.libgcc.mul
                0x00001704       0x20 c:/program files (x86)/atmel/studio/7.0/toolchain/avr8/avr8-gnu-toolchain/bin/../lib/gcc/avr/5.4.0/avr5\libgcc.a(_mulsi3.o)
                0x00001704                __mulsi3
 .text.libgcc.div
                0x00001724       0x44 c:/program files (x86)/atmel/studio/7.0/toolchain/avr8/avr8-gnu-toolchain/bin/../lib/gcc/avr/5.4.0/avr5\libgcc.a(_udivmodsi4.o)
                0x00001724                __udivmodsi4
 .text.libgcc.div
                0x00001768       0x2e c:/program files (x86)/atmel/studio/7.0/toolchain/avr8/avr8-gnu-toolchain/bin/../lib/gcc/avr/5.4.0/avr5\libgcc.a(_divmodsi4.o)
                0x00001768                __divmodsi4
 .text.libgcc.div
                0x00001796       0x10 c:/program files (x86)/atmel/studio/7.0/toolchain/avr8/avr8-gnu-toolchain/bin/../lib/gcc/avr/5.4.0/avr5\libgcc.a(_negsi2.o)
                0x00001796                __negsi2
 .text.libgcc   0x000017a6        0xc c:/program files (x86)/atmel/studio/7.0/toolchain/avr8/avr8-gnu-toolchain/bin/../lib/gcc/avr/5.4.0/avr5\libgcc.a(_tablejump2.o)
                0x000017a6                __tablejump2__
 .text.libgcc.mul
                0x000017b2       0x16 c:/program files (x86)/atmel/studio/7.0/toolchain/avr8/avr8-gnu-toolchain/bin/../lib/gcc/avr/5.4.0/avr5\libgcc.a(_muluhisi3.o)
                0x000017b2                __muluhisi3
 .text.libgcc.mul
                0x000017c8       0x1e c:/program files (x86)/atmel/studio/7.0/toolchain/avr8/avr8-gnu-toolchain/bin/../lib/gcc/avr/5.4.0/avr5\libgcc.a(_umulhisi3.o)
                0x000017c8                __umulhisi3
 .text.avr-libc
                0x000017e6      0x242 c:/program files (x86)/atmel/studio/7.0/toolchain/avr8/avr8-gnu-toolchain/bin/../lib/gcc/avr/5.4.0/../../../../avr/lib/avr5\libc.a(malloc.o)
                0x000017e6                malloc
                0x00001916                free
 .text.avr-libc
                0x00001a28      0x18c c:/program files (x86)/atmel/studio/7.0/toolchain/avr8/avr8-gnu-toolchain/bin/../lib/gcc/avr/5.4.0/../../../../avr/lib/avr5\libc.a(realloc.o)
                0x00001a28                realloc
 .text.avr-libc
                0x00001bb4       0x12 c:/program files (x86)/atmel/studio/7.0/toolchain/avr8/avr8-gnu-toolchain/bin/../lib/gcc/avr/5.4.0/../../../../avr/lib/avr5\libc.a(memcpy.o)
                0x00001bb4                memcpy
 .text.avr-libc
                0x00001bc6        0xe c:/program files (x86)/atmel/studio/7.0/toolchain/avr8/avr8-gnu-toolchain/bin/../lib/gcc/avr/5.4.0/../../../../avr/lib/avr5\libc.a(strcpy.o)
                0x00001bc6                strcpy
 .text.libgcc.prologue
                0x00001bd4       0x38 c:/program files (x86)/atmel/studio/7.0/toolchain/avr8/avr8-gnu-toolchain/bin/../lib/gcc/avr/5.4.0/avr5\libgcc.a(_prologue.o)
                0x00001bd4                __prologue_saves__
 .text.libgcc.prologue
                0x00001c0c       0x36 c:/program files (x86)/atmel/studio/7.0/toolchain/avr8/avr8-gnu-toolchain/bin/../lib/gcc/avr/5.4.0/avr5\libgcc.a(_epilogue.o)
                0x00001c0c                __epilogue_restores__
                0x00001c42                . = ALIGN (0x2)
 *(.fini9)
 .fini9         0x00001c42        0x0 c:/program files (x86)/atmel/studio/7.0/toolchain/avr8/avr8-gnu-toolchain/bin/../lib/gcc/avr/5.4.0/avr5\libgcc.a(_exit.o)
                0x00001c42                _exit
                0x00001c42                exit
 *(.fini9)
 *(.fini8)
 *(.fini8)
 *(.fini7)
 *(.fini7)
 *(.fini6)
 *(.fini6)
 *(.fini5)
 *(.fini5)
 *(.fini4)
 *(.fini4)
 *(.fini3)
 *(.fini3)
 *(.fini2)
 *(.fini2)
 *(.fini1)
 *(.fini1)
 *(.fini0)
 .fini0         0x00001c42        0x4 c:/program files (x86)/atmel/studio/7.0/toolchain/avr8/avr8-gnu-toolchain/bin/../lib/gcc/avr/5.4.0/avr5\libgcc.a(_exit.o)
 *(.fini0)
                0x00001c46                _etext = .

.data           0x00800100       0x1e load address 0x00001c46
                0x00800100                PROVIDE (__data_start, .)
 *(.data)
 .data          0x00800100        0x6 c:/program files (x86)/atmel/studio/7.0/toolchain/avr8/avr8-gnu-toolchain/bin/../lib/gcc/avr/5.4.0/../../../../avr/lib/avr5\libc.a(malloc.o)
                0x00800100                __malloc_heap_end
                0x00800102                __malloc_heap_start
                0x00800104                __malloc_margin
 *(.data*)
 .data.TESTLIGHTINTERVAL
                0x00800106        0x1 Sketch.o
                0x00800106                TESTLIGHTINTERVAL
 .data.gateInterval
                0x00800107        0x2 Sketch.o
                0x00800107                gateInterval
 .data.analog_reference
                0x00800109        0x1 C:\Users\mikea\DOCUME~1\IOT-TE~3\code\292A1~1.BER\BEROEP~1\BEROEP~1\ARDUIN~1\Debug\libArduinoCore.a(wiring_analog.o)
                0x00800109                analog_reference
 *(.gnu.linkonce.d*)
 *(.rodata)
 *(.rodata*)
 .rodata._ZTV14HardwareSerial
                0x0080010a       0x12 C:\Users\mikea\DOCUME~1\IOT-TE~3\code\292A1~1.BER\BEROEP~1\BEROEP~1\ARDUIN~1\Debug\libArduinoCore.a(HardwareSerial.o)
                0x0080010a                _ZTV14HardwareSerial
 .rodata.str1.1
                0x0080011c        0x1 C:\Users\mikea\DOCUME~1\IOT-TE~3\code\292A1~1.BER\BEROEP~1\BEROEP~1\ARDUIN~1\Debug\libArduinoCore.a(Stream.o)
 *(.gnu.linkonce.r*)
                0x0080011e                . = ALIGN (0x2)
 *fill*         0x0080011d        0x1 
                0x0080011e                _edata = .
                0x0080011e                PROVIDE (__data_end, .)

.bss            0x0080011e      0x105
                0x0080011e                PROVIDE (__bss_start, .)
 *(.bss)
 *(.bss*)
 .bss.LIGHTS    0x0080011e       0x12 Sketch.o
                0x0080011e                LIGHTS
 .bss.LIGHTPINS
                0x00800130        0x6 Sketch.o
                0x00800130                LIGHTPINS
 .bss.signalStatus
                0x00800136        0x2 Sketch.o
                0x00800136                signalStatus
 .bss.lightsRunTestStatus
                0x00800138        0x1 Sketch.o
                0x00800138                lightsRunTestStatus
 .bss.blinkStatus
                0x00800139        0x1 Sketch.o
                0x00800139                blinkStatus
 .bss.gatesRunTestStatus
                0x0080013a        0x1 Sketch.o
                0x0080013a                gatesRunTestStatus
 .bss.country   0x0080013b        0x1 Sketch.o
                0x0080013b                country
 .bss.gateStatus
                0x0080013c        0x2 Sketch.o
                0x0080013c                gateStatus
 .bss.testSignalNumber
                0x0080013e        0x1 Sketch.o
                0x0080013e                testSignalNumber
 .bss.testLightNumber
                0x0080013f        0x1 Sketch.o
                0x0080013f                testLightNumber
 .bss.previousBlinkMillis
                0x00800140        0x4 Sketch.o
                0x00800140                previousBlinkMillis
 .bss.previousTestBlinkMillis
                0x00800144        0x4 Sketch.o
                0x00800144                previousTestBlinkMillis
 .bss.previousGateMillis
                0x00800148        0x2 Sketch.o
                0x00800148                previousGateMillis
 .bss.gatePosition
                0x0080014a        0x2 Sketch.o
                0x0080014a                gatePosition
 .bss.myservo   0x0080014c        0x6 Sketch.o
                0x0080014c                myservo
 .bss.Serial    0x00800152       0x9d C:\Users\mikea\DOCUME~1\IOT-TE~3\code\292A1~1.BER\BEROEP~1\BEROEP~1\ARDUIN~1\Debug\libArduinoCore.a(HardwareSerial0.o)
                0x00800152                Serial
 .bss.timer0_fract
                0x008001ef        0x1 C:\Users\mikea\DOCUME~1\IOT-TE~3\code\292A1~1.BER\BEROEP~1\BEROEP~1\ARDUIN~1\Debug\libArduinoCore.a(wiring.o)
 .bss.timer0_millis
                0x008001f0        0x4 C:\Users\mikea\DOCUME~1\IOT-TE~3\code\292A1~1.BER\BEROEP~1\BEROEP~1\ARDUIN~1\Debug\libArduinoCore.a(wiring.o)
                0x008001f0                timer0_millis
 .bss.timer0_overflow_count
                0x008001f4        0x4 C:\Users\mikea\DOCUME~1\IOT-TE~3\code\292A1~1.BER\BEROEP~1\BEROEP~1\ARDUIN~1\Debug\libArduinoCore.a(wiring.o)
                0x008001f4                timer0_overflow_count
 .bss._ZZN6StringixEjE19dummy_writable_char
                0x008001f8        0x1 C:\Users\mikea\DOCUME~1\IOT-TE~3\code\292A1~1.BER\BEROEP~1\BEROEP~1\ARDUIN~1\Debug\libArduinoCore.a(WString.o)
 .bss.ServoCount
                0x008001f9        0x1 C:\Users\mikea\DOCUME~1\IOT-TE~3\code\292A1~1.BER\BEROEP~1\BEROEP~1\ARDUIN~1\Debug\libArduinoCore.a(Servo.o)
                0x008001f9                ServoCount
 .bss._ZL7Channel
                0x008001fa        0x1 C:\Users\mikea\DOCUME~1\IOT-TE~3\code\292A1~1.BER\BEROEP~1\BEROEP~1\ARDUIN~1\Debug\libArduinoCore.a(Servo.o)
 .bss._ZL6servos
                0x008001fb       0x24 C:\Users\mikea\DOCUME~1\IOT-TE~3\code\292A1~1.BER\BEROEP~1\BEROEP~1\ARDUIN~1\Debug\libArduinoCore.a(Servo.o)
 *(COMMON)
 COMMON         0x0080021f        0x4 c:/program files (x86)/atmel/studio/7.0/toolchain/avr8/avr8-gnu-toolchain/bin/../lib/gcc/avr/5.4.0/../../../../avr/lib/avr5\libc.a(malloc.o)
                0x0080021f                __brkval
                0x00800221                __flp
                0x00800223                PROVIDE (__bss_end, .)
                0x00001c46                __data_load_start = LOADADDR (.data)
                0x00001c64                __data_load_end = (__data_load_start + SIZEOF (.data))

.noinit         0x00800223        0x0
                [!provide]                PROVIDE (__noinit_start, .)
 *(.noinit*)
                [!provide]                PROVIDE (__noinit_end, .)
                0x00800223                _end = .
                0x00800223                PROVIDE (__heap_start, .)

.eeprom         0x00810000        0x0
 *(.eeprom*)
                0x00810000                __eeprom_end = .

.fuse
 *(.fuse)
 *(.lfuse)
 *(.hfuse)
 *(.efuse)

.lock
 *(.lock*)

.signature
 *(.signature*)

.user_signatures
 *(.user_signatures*)

.stab
 *(.stab)

.stabstr
 *(.stabstr)

.stab.excl
 *(.stab.excl)

.stab.exclstr
 *(.stab.exclstr)

.stab.index
 *(.stab.index)

.stab.indexstr
 *(.stab.indexstr)

.comment        0x00000000       0x30
 *(.comment)
 .comment       0x00000000       0x30 Sketch.o
                                 0x31 (size before relaxing)
 .comment       0x00000030       0x31 C:\Users\mikea\DOCUME~1\IOT-TE~3\code\292A1~1.BER\BEROEP~1\BEROEP~1\ARDUIN~1\Debug\libArduinoCore.a(HardwareSerial.o)
 .comment       0x00000030       0x31 C:\Users\mikea\DOCUME~1\IOT-TE~3\code\292A1~1.BER\BEROEP~1\BEROEP~1\ARDUIN~1\Debug\libArduinoCore.a(HardwareSerial0.o)
 .comment       0x00000030       0x31 C:\Users\mikea\DOCUME~1\IOT-TE~3\code\292A1~1.BER\BEROEP~1\BEROEP~1\ARDUIN~1\Debug\libArduinoCore.a(main.o)
 .comment       0x00000030       0x31 C:\Users\mikea\DOCUME~1\IOT-TE~3\code\292A1~1.BER\BEROEP~1\BEROEP~1\ARDUIN~1\Debug\libArduinoCore.a(Print.o)
 .comment       0x00000030       0x31 C:\Users\mikea\DOCUME~1\IOT-TE~3\code\292A1~1.BER\BEROEP~1\BEROEP~1\ARDUIN~1\Debug\libArduinoCore.a(Stream.o)
 .comment       0x00000030       0x31 C:\Users\mikea\DOCUME~1\IOT-TE~3\code\292A1~1.BER\BEROEP~1\BEROEP~1\ARDUIN~1\Debug\libArduinoCore.a(wiring.o)
 .comment       0x00000030       0x31 C:\Users\mikea\DOCUME~1\IOT-TE~3\code\292A1~1.BER\BEROEP~1\BEROEP~1\ARDUIN~1\Debug\libArduinoCore.a(wiring_analog.o)
 .comment       0x00000030       0x31 C:\Users\mikea\DOCUME~1\IOT-TE~3\code\292A1~1.BER\BEROEP~1\BEROEP~1\ARDUIN~1\Debug\libArduinoCore.a(wiring_digital.o)
 .comment       0x00000030       0x31 C:\Users\mikea\DOCUME~1\IOT-TE~3\code\292A1~1.BER\BEROEP~1\BEROEP~1\ARDUIN~1\Debug\libArduinoCore.a(WMath.o)
 .comment       0x00000030       0x31 C:\Users\mikea\DOCUME~1\IOT-TE~3\code\292A1~1.BER\BEROEP~1\BEROEP~1\ARDUIN~1\Debug\libArduinoCore.a(WString.o)
 .comment       0x00000030       0x31 C:\Users\mikea\DOCUME~1\IOT-TE~3\code\292A1~1.BER\BEROEP~1\BEROEP~1\ARDUIN~1\Debug\libArduinoCore.a(Servo.o)
 .comment       0x00000030       0x31 c:/program files (x86)/atmel/studio/7.0/toolchain/avr8/avr8-gnu-toolchain/bin/../lib/gcc/avr/5.4.0/../../../../avr/lib/avr5\libc.a(malloc.o)
 .comment       0x00000030       0x31 c:/program files (x86)/atmel/studio/7.0/toolchain/avr8/avr8-gnu-toolchain/bin/../lib/gcc/avr/5.4.0/../../../../avr/lib/avr5\libc.a(realloc.o)

.note.gnu.avr.deviceinfo
                0x00000000       0x40
 .note.gnu.avr.deviceinfo
                0x00000000       0x40 C:/Program Files (x86)/Atmel/Studio/7.0/Packs/atmel/ATmega_DFP/1.7.374/gcc/dev/atmega328p/avr5/crtatmega328p.o

.note.gnu.build-id
 *(.note.gnu.build-id)

.debug
 *(.debug)

.line
 *(.line)

.debug_srcinfo
 *(.debug_srcinfo)

.debug_sfnames
 *(.debug_sfnames)

.debug_aranges  0x00000000      0x718
 *(.debug_aranges)
 .debug_aranges
                0x00000000       0x88 Sketch.o
 .debug_aranges
                0x00000088       0x68 C:\Users\mikea\DOCUME~1\IOT-TE~3\code\292A1~1.BER\BEROEP~1\BEROEP~1\ARDUIN~1\Debug\libArduinoCore.a(HardwareSerial.o)
 .debug_aranges
                0x000000f0       0x48 C:\Users\mikea\DOCUME~1\IOT-TE~3\code\292A1~1.BER\BEROEP~1\BEROEP~1\ARDUIN~1\Debug\libArduinoCore.a(HardwareSerial0.o)
 .debug_aranges
                0x00000138       0x30 C:\Users\mikea\DOCUME~1\IOT-TE~3\code\292A1~1.BER\BEROEP~1\BEROEP~1\ARDUIN~1\Debug\libArduinoCore.a(main.o)
 .debug_aranges
                0x00000168      0x100 C:\Users\mikea\DOCUME~1\IOT-TE~3\code\292A1~1.BER\BEROEP~1\BEROEP~1\ARDUIN~1\Debug\libArduinoCore.a(Print.o)
 .debug_aranges
                0x00000268       0x98 C:\Users\mikea\DOCUME~1\IOT-TE~3\code\292A1~1.BER\BEROEP~1\BEROEP~1\ARDUIN~1\Debug\libArduinoCore.a(Stream.o)
 .debug_aranges
                0x00000300       0x48 C:\Users\mikea\DOCUME~1\IOT-TE~3\code\292A1~1.BER\BEROEP~1\BEROEP~1\ARDUIN~1\Debug\libArduinoCore.a(wiring.o)
 .debug_aranges
                0x00000348       0x30 C:\Users\mikea\DOCUME~1\IOT-TE~3\code\292A1~1.BER\BEROEP~1\BEROEP~1\ARDUIN~1\Debug\libArduinoCore.a(wiring_analog.o)
 .debug_aranges
                0x00000378       0x38 C:\Users\mikea\DOCUME~1\IOT-TE~3\code\292A1~1.BER\BEROEP~1\BEROEP~1\ARDUIN~1\Debug\libArduinoCore.a(wiring_digital.o)
 .debug_aranges
                0x000003b0       0x48 C:\Users\mikea\DOCUME~1\IOT-TE~3\code\292A1~1.BER\BEROEP~1\BEROEP~1\ARDUIN~1\Debug\libArduinoCore.a(WMath.o)
 .debug_aranges
                0x000003f8      0x2b8 C:\Users\mikea\DOCUME~1\IOT-TE~3\code\292A1~1.BER\BEROEP~1\BEROEP~1\ARDUIN~1\Debug\libArduinoCore.a(WString.o)
 .debug_aranges
                0x000006b0       0x68 C:\Users\mikea\DOCUME~1\IOT-TE~3\code\292A1~1.BER\BEROEP~1\BEROEP~1\ARDUIN~1\Debug\libArduinoCore.a(Servo.o)

.debug_pubnames
 *(.debug_pubnames)

.debug_info     0x00000000    0x1006a
 *(.debug_info .gnu.linkonce.wi.*)
 .debug_info    0x00000000      0x5f4 C:/Program Files (x86)/Atmel/Studio/7.0/Packs/atmel/ATmega_DFP/1.7.374/gcc/dev/atmega328p/avr5/crtatmega328p.o
 .debug_info    0x000005f4     0x19fb Sketch.o
 .debug_info    0x00001fef     0x1f64 C:\Users\mikea\DOCUME~1\IOT-TE~3\code\292A1~1.BER\BEROEP~1\BEROEP~1\ARDUIN~1\Debug\libArduinoCore.a(HardwareSerial.o)
 .debug_info    0x00003f53     0x1b16 C:\Users\mikea\DOCUME~1\IOT-TE~3\code\292A1~1.BER\BEROEP~1\BEROEP~1\ARDUIN~1\Debug\libArduinoCore.a(HardwareSerial0.o)
 .debug_info    0x00005a69      0x237 C:\Users\mikea\DOCUME~1\IOT-TE~3\code\292A1~1.BER\BEROEP~1\BEROEP~1\ARDUIN~1\Debug\libArduinoCore.a(main.o)
 .debug_info    0x00005ca0     0x28ff C:\Users\mikea\DOCUME~1\IOT-TE~3\code\292A1~1.BER\BEROEP~1\BEROEP~1\ARDUIN~1\Debug\libArduinoCore.a(Print.o)
 .debug_info    0x0000859f     0x2157 C:\Users\mikea\DOCUME~1\IOT-TE~3\code\292A1~1.BER\BEROEP~1\BEROEP~1\ARDUIN~1\Debug\libArduinoCore.a(Stream.o)
 .debug_info    0x0000a6f6      0x2cb C:\Users\mikea\DOCUME~1\IOT-TE~3\code\292A1~1.BER\BEROEP~1\BEROEP~1\ARDUIN~1\Debug\libArduinoCore.a(wiring.o)
 .debug_info    0x0000a9c1      0x26d C:\Users\mikea\DOCUME~1\IOT-TE~3\code\292A1~1.BER\BEROEP~1\BEROEP~1\ARDUIN~1\Debug\libArduinoCore.a(wiring_analog.o)
 .debug_info    0x0000ac2e      0x5fe C:\Users\mikea\DOCUME~1\IOT-TE~3\code\292A1~1.BER\BEROEP~1\BEROEP~1\ARDUIN~1\Debug\libArduinoCore.a(wiring_digital.o)
 .debug_info    0x0000b22c      0x230 C:\Users\mikea\DOCUME~1\IOT-TE~3\code\292A1~1.BER\BEROEP~1\BEROEP~1\ARDUIN~1\Debug\libArduinoCore.a(WMath.o)
 .debug_info    0x0000b45c     0x4338 C:\Users\mikea\DOCUME~1\IOT-TE~3\code\292A1~1.BER\BEROEP~1\BEROEP~1\ARDUIN~1\Debug\libArduinoCore.a(WString.o)
 .debug_info    0x0000f794      0x8d6 C:\Users\mikea\DOCUME~1\IOT-TE~3\code\292A1~1.BER\BEROEP~1\BEROEP~1\ARDUIN~1\Debug\libArduinoCore.a(Servo.o)

.debug_abbrev   0x00000000     0x28e5
 *(.debug_abbrev)
 .debug_abbrev  0x00000000      0x5a2 C:/Program Files (x86)/Atmel/Studio/7.0/Packs/atmel/ATmega_DFP/1.7.374/gcc/dev/atmega328p/avr5/crtatmega328p.o
 .debug_abbrev  0x000005a2      0x320 Sketch.o
 .debug_abbrev  0x000008c2      0x4b7 C:\Users\mikea\DOCUME~1\IOT-TE~3\code\292A1~1.BER\BEROEP~1\BEROEP~1\ARDUIN~1\Debug\libArduinoCore.a(HardwareSerial.o)
 .debug_abbrev  0x00000d79      0x3ce C:\Users\mikea\DOCUME~1\IOT-TE~3\code\292A1~1.BER\BEROEP~1\BEROEP~1\ARDUIN~1\Debug\libArduinoCore.a(HardwareSerial0.o)
 .debug_abbrev  0x00001147      0x12d C:\Users\mikea\DOCUME~1\IOT-TE~3\code\292A1~1.BER\BEROEP~1\BEROEP~1\ARDUIN~1\Debug\libArduinoCore.a(main.o)
 .debug_abbrev  0x00001274      0x47a C:\Users\mikea\DOCUME~1\IOT-TE~3\code\292A1~1.BER\BEROEP~1\BEROEP~1\ARDUIN~1\Debug\libArduinoCore.a(Print.o)
 .debug_abbrev  0x000016ee      0x478 C:\Users\mikea\DOCUME~1\IOT-TE~3\code\292A1~1.BER\BEROEP~1\BEROEP~1\ARDUIN~1\Debug\libArduinoCore.a(Stream.o)
 .debug_abbrev  0x00001b66      0x146 C:\Users\mikea\DOCUME~1\IOT-TE~3\code\292A1~1.BER\BEROEP~1\BEROEP~1\ARDUIN~1\Debug\libArduinoCore.a(wiring.o)
 .debug_abbrev  0x00001cac      0x16b C:\Users\mikea\DOCUME~1\IOT-TE~3\code\292A1~1.BER\BEROEP~1\BEROEP~1\ARDUIN~1\Debug\libArduinoCore.a(wiring_analog.o)
 .debug_abbrev  0x00001e17      0x15b C:\Users\mikea\DOCUME~1\IOT-TE~3\code\292A1~1.BER\BEROEP~1\BEROEP~1\ARDUIN~1\Debug\libArduinoCore.a(wiring_digital.o)
 .debug_abbrev  0x00001f72      0x12b C:\Users\mikea\DOCUME~1\IOT-TE~3\code\292A1~1.BER\BEROEP~1\BEROEP~1\ARDUIN~1\Debug\libArduinoCore.a(WMath.o)
 .debug_abbrev  0x0000209d      0x4c2 C:\Users\mikea\DOCUME~1\IOT-TE~3\code\292A1~1.BER\BEROEP~1\BEROEP~1\ARDUIN~1\Debug\libArduinoCore.a(WString.o)
 .debug_abbrev  0x0000255f      0x386 C:\Users\mikea\DOCUME~1\IOT-TE~3\code\292A1~1.BER\BEROEP~1\BEROEP~1\ARDUIN~1\Debug\libArduinoCore.a(Servo.o)

.debug_line     0x00000000     0x3cf1
 *(.debug_line .debug_line.* .debug_line_end)
 .debug_line    0x00000000      0x134 C:/Program Files (x86)/Atmel/Studio/7.0/Packs/atmel/ATmega_DFP/1.7.374/gcc/dev/atmega328p/avr5/crtatmega328p.o
 .debug_line    0x00000134      0x777 Sketch.o
 .debug_line    0x000008ab      0x4c4 C:\Users\mikea\DOCUME~1\IOT-TE~3\code\292A1~1.BER\BEROEP~1\BEROEP~1\ARDUIN~1\Debug\libArduinoCore.a(HardwareSerial.o)
 .debug_line    0x00000d6f      0x28c C:\Users\mikea\DOCUME~1\IOT-TE~3\code\292A1~1.BER\BEROEP~1\BEROEP~1\ARDUIN~1\Debug\libArduinoCore.a(HardwareSerial0.o)
 .debug_line    0x00000ffb      0x165 C:\Users\mikea\DOCUME~1\IOT-TE~3\code\292A1~1.BER\BEROEP~1\BEROEP~1\ARDUIN~1\Debug\libArduinoCore.a(main.o)
 .debug_line    0x00001160      0x685 C:\Users\mikea\DOCUME~1\IOT-TE~3\code\292A1~1.BER\BEROEP~1\BEROEP~1\ARDUIN~1\Debug\libArduinoCore.a(Print.o)
 .debug_line    0x000017e5      0x5f7 C:\Users\mikea\DOCUME~1\IOT-TE~3\code\292A1~1.BER\BEROEP~1\BEROEP~1\ARDUIN~1\Debug\libArduinoCore.a(Stream.o)
 .debug_line    0x00001ddc      0x299 C:\Users\mikea\DOCUME~1\IOT-TE~3\code\292A1~1.BER\BEROEP~1\BEROEP~1\ARDUIN~1\Debug\libArduinoCore.a(wiring.o)
 .debug_line    0x00002075      0x20f C:\Users\mikea\DOCUME~1\IOT-TE~3\code\292A1~1.BER\BEROEP~1\BEROEP~1\ARDUIN~1\Debug\libArduinoCore.a(wiring_analog.o)
 .debug_line    0x00002284      0x252 C:\Users\mikea\DOCUME~1\IOT-TE~3\code\292A1~1.BER\BEROEP~1\BEROEP~1\ARDUIN~1\Debug\libArduinoCore.a(wiring_digital.o)
 .debug_line    0x000024d6      0x143 C:\Users\mikea\DOCUME~1\IOT-TE~3\code\292A1~1.BER\BEROEP~1\BEROEP~1\ARDUIN~1\Debug\libArduinoCore.a(WMath.o)
 .debug_line    0x00002619     0x1360 C:\Users\mikea\DOCUME~1\IOT-TE~3\code\292A1~1.BER\BEROEP~1\BEROEP~1\ARDUIN~1\Debug\libArduinoCore.a(WString.o)
 .debug_line    0x00003979      0x378 C:\Users\mikea\DOCUME~1\IOT-TE~3\code\292A1~1.BER\BEROEP~1\BEROEP~1\ARDUIN~1\Debug\libArduinoCore.a(Servo.o)

.debug_frame    0x00000000     0x1990
 *(.debug_frame)
 .debug_frame   0x00000000      0x224 Sketch.o
 .debug_frame   0x00000224      0x110 C:\Users\mikea\DOCUME~1\IOT-TE~3\code\292A1~1.BER\BEROEP~1\BEROEP~1\ARDUIN~1\Debug\libArduinoCore.a(HardwareSerial.o)
 .debug_frame   0x00000334       0xe0 C:\Users\mikea\DOCUME~1\IOT-TE~3\code\292A1~1.BER\BEROEP~1\BEROEP~1\ARDUIN~1\Debug\libArduinoCore.a(HardwareSerial0.o)
 .debug_frame   0x00000414       0x54 C:\Users\mikea\DOCUME~1\IOT-TE~3\code\292A1~1.BER\BEROEP~1\BEROEP~1\ARDUIN~1\Debug\libArduinoCore.a(main.o)
 .debug_frame   0x00000468      0x3ac C:\Users\mikea\DOCUME~1\IOT-TE~3\code\292A1~1.BER\BEROEP~1\BEROEP~1\ARDUIN~1\Debug\libArduinoCore.a(Print.o)
 .debug_frame   0x00000814      0x2e4 C:\Users\mikea\DOCUME~1\IOT-TE~3\code\292A1~1.BER\BEROEP~1\BEROEP~1\ARDUIN~1\Debug\libArduinoCore.a(Stream.o)
 .debug_frame   0x00000af8       0xc4 C:\Users\mikea\DOCUME~1\IOT-TE~3\code\292A1~1.BER\BEROEP~1\BEROEP~1\ARDUIN~1\Debug\libArduinoCore.a(wiring.o)
 .debug_frame   0x00000bbc       0x54 C:\Users\mikea\DOCUME~1\IOT-TE~3\code\292A1~1.BER\BEROEP~1\BEROEP~1\ARDUIN~1\Debug\libArduinoCore.a(wiring_analog.o)
 .debug_frame   0x00000c10       0x7c C:\Users\mikea\DOCUME~1\IOT-TE~3\code\292A1~1.BER\BEROEP~1\BEROEP~1\ARDUIN~1\Debug\libArduinoCore.a(wiring_digital.o)
 .debug_frame   0x00000c8c       0xf4 C:\Users\mikea\DOCUME~1\IOT-TE~3\code\292A1~1.BER\BEROEP~1\BEROEP~1\ARDUIN~1\Debug\libArduinoCore.a(WMath.o)
 .debug_frame   0x00000d80      0xa60 C:\Users\mikea\DOCUME~1\IOT-TE~3\code\292A1~1.BER\BEROEP~1\BEROEP~1\ARDUIN~1\Debug\libArduinoCore.a(WString.o)
 .debug_frame   0x000017e0      0x1b0 C:\Users\mikea\DOCUME~1\IOT-TE~3\code\292A1~1.BER\BEROEP~1\BEROEP~1\ARDUIN~1\Debug\libArduinoCore.a(Servo.o)

.debug_str      0x00000000     0x2c21
 *(.debug_str)
 .debug_str     0x00000000      0x208 C:/Program Files (x86)/Atmel/Studio/7.0/Packs/atmel/ATmega_DFP/1.7.374/gcc/dev/atmega328p/avr5/crtatmega328p.o
 .debug_str     0x00000208     0x131b Sketch.o
                               0x13c5 (size before relaxing)
 .debug_str     0x00001523      0x977 C:\Users\mikea\DOCUME~1\IOT-TE~3\code\292A1~1.BER\BEROEP~1\BEROEP~1\ARDUIN~1\Debug\libArduinoCore.a(HardwareSerial.o)
                               0x1635 (size before relaxing)
 .debug_str     0x00001e9a       0x86 C:\Users\mikea\DOCUME~1\IOT-TE~3\code\292A1~1.BER\BEROEP~1\BEROEP~1\ARDUIN~1\Debug\libArduinoCore.a(HardwareSerial0.o)
                               0x1428 (size before relaxing)
 .debug_str     0x00001f20       0x37 C:\Users\mikea\DOCUME~1\IOT-TE~3\code\292A1~1.BER\BEROEP~1\BEROEP~1\ARDUIN~1\Debug\libArduinoCore.a(main.o)
                                0x2d4 (size before relaxing)
 .debug_str     0x00001f57      0x3ec C:\Users\mikea\DOCUME~1\IOT-TE~3\code\292A1~1.BER\BEROEP~1\BEROEP~1\ARDUIN~1\Debug\libArduinoCore.a(Print.o)
                               0x1262 (size before relaxing)
 .debug_str     0x00002343       0x9d C:\Users\mikea\DOCUME~1\IOT-TE~3\code\292A1~1.BER\BEROEP~1\BEROEP~1\ARDUIN~1\Debug\libArduinoCore.a(Stream.o)
                               0x1286 (size before relaxing)
 .debug_str     0x000023e0      0x162 C:\Users\mikea\DOCUME~1\IOT-TE~3\code\292A1~1.BER\BEROEP~1\BEROEP~1\ARDUIN~1\Debug\libArduinoCore.a(wiring.o)
                                0x26a (size before relaxing)
 .debug_str     0x00002542       0x8c C:\Users\mikea\DOCUME~1\IOT-TE~3\code\292A1~1.BER\BEROEP~1\BEROEP~1\ARDUIN~1\Debug\libArduinoCore.a(wiring_analog.o)
                                0x26e (size before relaxing)
 .debug_str     0x000025ce       0xa9 C:\Users\mikea\DOCUME~1\IOT-TE~3\code\292A1~1.BER\BEROEP~1\BEROEP~1\ARDUIN~1\Debug\libArduinoCore.a(wiring_digital.o)
                                0x2cf (size before relaxing)
 .debug_str     0x00002677       0xb3 C:\Users\mikea\DOCUME~1\IOT-TE~3\code\292A1~1.BER\BEROEP~1\BEROEP~1\ARDUIN~1\Debug\libArduinoCore.a(WMath.o)
                                0x26d (size before relaxing)
 .debug_str     0x0000272a      0x3f8 C:\Users\mikea\DOCUME~1\IOT-TE~3\code\292A1~1.BER\BEROEP~1\BEROEP~1\ARDUIN~1\Debug\libArduinoCore.a(WString.o)
                               0x11b5 (size before relaxing)
 .debug_str     0x00002b22       0xff C:\Users\mikea\DOCUME~1\IOT-TE~3\code\292A1~1.BER\BEROEP~1\BEROEP~1\ARDUIN~1\Debug\libArduinoCore.a(Servo.o)
                                0x4fb (size before relaxing)

.debug_loc      0x00000000     0x92c2
 *(.debug_loc)
 .debug_loc     0x00000000      0x47e Sketch.o
 .debug_loc     0x0000047e      0x4dc C:\Users\mikea\DOCUME~1\IOT-TE~3\code\292A1~1.BER\BEROEP~1\BEROEP~1\ARDUIN~1\Debug\libArduinoCore.a(HardwareSerial.o)
 .debug_loc     0x0000095a      0x1b0 C:\Users\mikea\DOCUME~1\IOT-TE~3\code\292A1~1.BER\BEROEP~1\BEROEP~1\ARDUIN~1\Debug\libArduinoCore.a(HardwareSerial0.o)
 .debug_loc     0x00000b0a     0x1c87 C:\Users\mikea\DOCUME~1\IOT-TE~3\code\292A1~1.BER\BEROEP~1\BEROEP~1\ARDUIN~1\Debug\libArduinoCore.a(Print.o)
 .debug_loc     0x00002791     0x143b C:\Users\mikea\DOCUME~1\IOT-TE~3\code\292A1~1.BER\BEROEP~1\BEROEP~1\ARDUIN~1\Debug\libArduinoCore.a(Stream.o)
 .debug_loc     0x00003bcc      0x28d C:\Users\mikea\DOCUME~1\IOT-TE~3\code\292A1~1.BER\BEROEP~1\BEROEP~1\ARDUIN~1\Debug\libArduinoCore.a(wiring.o)
 .debug_loc     0x00003e59       0xfe C:\Users\mikea\DOCUME~1\IOT-TE~3\code\292A1~1.BER\BEROEP~1\BEROEP~1\ARDUIN~1\Debug\libArduinoCore.a(wiring_analog.o)
 .debug_loc     0x00003f57      0x5fc C:\Users\mikea\DOCUME~1\IOT-TE~3\code\292A1~1.BER\BEROEP~1\BEROEP~1\ARDUIN~1\Debug\libArduinoCore.a(wiring_digital.o)
 .debug_loc     0x00004553      0x3d6 C:\Users\mikea\DOCUME~1\IOT-TE~3\code\292A1~1.BER\BEROEP~1\BEROEP~1\ARDUIN~1\Debug\libArduinoCore.a(WMath.o)
 .debug_loc     0x00004929     0x423d C:\Users\mikea\DOCUME~1\IOT-TE~3\code\292A1~1.BER\BEROEP~1\BEROEP~1\ARDUIN~1\Debug\libArduinoCore.a(WString.o)
 .debug_loc     0x00008b66      0x75c C:\Users\mikea\DOCUME~1\IOT-TE~3\code\292A1~1.BER\BEROEP~1\BEROEP~1\ARDUIN~1\Debug\libArduinoCore.a(Servo.o)

.debug_macinfo
 *(.debug_macinfo)

.debug_weaknames
 *(.debug_weaknames)

.debug_funcnames
 *(.debug_funcnames)

.debug_typenames
 *(.debug_typenames)

.debug_varnames
 *(.debug_varnames)

.debug_pubtypes
 *(.debug_pubtypes)

.debug_ranges   0x00000000      0x738
 *(.debug_ranges)
 .debug_ranges  0x00000000       0x78 Sketch.o
 .debug_ranges  0x00000078       0x58 C:\Users\mikea\DOCUME~1\IOT-TE~3\code\292A1~1.BER\BEROEP~1\BEROEP~1\ARDUIN~1\Debug\libArduinoCore.a(HardwareSerial.o)
 .debug_ranges  0x000000d0       0x38 C:\Users\mikea\DOCUME~1\IOT-TE~3\code\292A1~1.BER\BEROEP~1\BEROEP~1\ARDUIN~1\Debug\libArduinoCore.a(HardwareSerial0.o)
 .debug_ranges  0x00000108       0x20 C:\Users\mikea\DOCUME~1\IOT-TE~3\code\292A1~1.BER\BEROEP~1\BEROEP~1\ARDUIN~1\Debug\libArduinoCore.a(main.o)
 .debug_ranges  0x00000128      0x120 C:\Users\mikea\DOCUME~1\IOT-TE~3\code\292A1~1.BER\BEROEP~1\BEROEP~1\ARDUIN~1\Debug\libArduinoCore.a(Print.o)
 .debug_ranges  0x00000248       0xd0 C:\Users\mikea\DOCUME~1\IOT-TE~3\code\292A1~1.BER\BEROEP~1\BEROEP~1\ARDUIN~1\Debug\libArduinoCore.a(Stream.o)
 .debug_ranges  0x00000318       0x38 C:\Users\mikea\DOCUME~1\IOT-TE~3\code\292A1~1.BER\BEROEP~1\BEROEP~1\ARDUIN~1\Debug\libArduinoCore.a(wiring.o)
 .debug_ranges  0x00000350       0x20 C:\Users\mikea\DOCUME~1\IOT-TE~3\code\292A1~1.BER\BEROEP~1\BEROEP~1\ARDUIN~1\Debug\libArduinoCore.a(wiring_analog.o)
 .debug_ranges  0x00000370       0x28 C:\Users\mikea\DOCUME~1\IOT-TE~3\code\292A1~1.BER\BEROEP~1\BEROEP~1\ARDUIN~1\Debug\libArduinoCore.a(wiring_digital.o)
 .debug_ranges  0x00000398       0x38 C:\Users\mikea\DOCUME~1\IOT-TE~3\code\292A1~1.BER\BEROEP~1\BEROEP~1\ARDUIN~1\Debug\libArduinoCore.a(WMath.o)
 .debug_ranges  0x000003d0      0x2f8 C:\Users\mikea\DOCUME~1\IOT-TE~3\code\292A1~1.BER\BEROEP~1\BEROEP~1\ARDUIN~1\Debug\libArduinoCore.a(WString.o)
 .debug_ranges  0x000006c8       0x70 C:\Users\mikea\DOCUME~1\IOT-TE~3\code\292A1~1.BER\BEROEP~1\BEROEP~1\ARDUIN~1\Debug\libArduinoCore.a(Servo.o)

.debug_macro
 *(.debug_macro)
OUTPUT(DecoderStudent.elf elf32-avr)
LOAD linker stubs
